  [structured] Round 1/10 start: Calculate the mean and standard deviation of the fare paid b...
  [structured] Round 1/10 done (25.1s) answers={'mean_fare': '32.20', 'std_dev_fare': '29.46'}
  [structured] Round 2/10 start: Determine the skewness of the fares paid by the passengers o...
  [structured] Round 2/10 done (26.9s) answers={'fare_skewness': '4.00'}
  [structured] Round 3/10 start: Find the correlation coefficient between the passenger class...
  [structured] Round 3/10 done (28.1s) answers={'correlation_pclass_fare': '0.00'}
  [structured] Round 4/10 start: Check if the fare distribution is skewed....
  [structured] Round 4/10 done (26.1s) answers={'skewness_fare': '4.00'}
  [structured] Round 5/10 start: Check if the age of the passengers follows a normal distribu...
  [structured] Round 5/10 done (27.4s) answers={'norm_test_pvalue': '0.0000', 'is_normal': 'False'}
  [structured] Round 6/10 start: Check if the fare variable follows a normal distribution....
  [structured] Round 6/10 done (30.5s) answers={'normality_test_result': 'False'}
  [structured] Round 7/10 start: Identify and count the number of outliers in the fare paid b...
  [structured] Round 7/10 done (33.5s) answers={'outlier_count': '2'}
  [structured] Round 8/10 start: Identify if there are any outliers in the age of the passeng...
  [structured] Round 8/10 done (30.1s) answers={'outliers_count': '1'}
  [structured] Round 9/10 start: Calculate the Pearson correlation coefficient between the ag...
  [structured] Round 9/10 done (25.6s) answers={'correlation_coefficient': '0.123'}
  [structured] Round 10/10 start: Create a new feature called 'FamilySize' by combining the 'S...
  [structured] Round 10/10 done (30.8s) answers={'correlation_coefficient': '-0.43'}
