  [text] Round 1/10 start: Calculate the mean and standard deviation of the fare paid b...
  [text] Round 1/10 done (31.1s) answers={'mean_fare': '32.21', 'std_dev_fare': '29.46'}
  [text] Round 2/10 start: Determine the skewness of the fares paid by the passengers o...
  [text] Round 2/10 done (29.4s) answers={'fare_skewness': '1.44'}
  [text] Round 3/10 start: Find the correlation coefficient between the passenger class...
  [text] Round 3/10 done (27.5s) answers={'correlation_pclass_fare': '-0.68'}
  [text] Round 4/10 start: Check if the fare distribution is skewed....
  [text] Round 4/10 done (22.7s) answers={'skewness_fare': '1.55'}
  [text] Round 5/10 start: Check if the age of the passengers follows a normal distribu...
  [text] Round 5/10 done (16.8s) answers={'norm_test_pvalue': '0.0000', 'is_normal': 'False'}
  [text] Round 6/10 start: Check if the fare variable follows a normal distribution....
  [text] Round 6/10 done (20.0s) answers={'normality_test_result': 'False'}
  [text] Round 7/10 start: Identify and count the number of outliers in the fare paid b...
  [text] Round 7/10 done (19.6s) answers={'outlier_count': '0'}
  [text] Round 8/10 start: Identify if there are any outliers in the age of the passeng...
  [text] Round 8/10 done (16.9s) answers={'outliers_count': '3'}
  [text] Round 9/10 start: Calculate the Pearson correlation coefficient between the ag...
  [text] Round 9/10 done (16.7s) answers={'correlation_coefficient': '-0.680'}
  [text] Round 10/10 start: Create a new feature called 'FamilySize' by combining the 'S...
  [text] Round 10/10 done (18.1s) answers={'correlation_coefficient': '-0.23'}
